Archive member included to satisfy reference by file (symbol)

D:\Documents\David\ITB-new\7\EL4121 Perancangan Sistem Embedded\Code\Tugas_3\Soal_1\ArduinoCore\Debug\libArduinoCore.a(HardwareSerial.o)
                              Sketch.o (_ZN14HardwareSerial5beginEmh)
D:\Documents\David\ITB-new\7\EL4121 Perancangan Sistem Embedded\Code\Tugas_3\Soal_1\ArduinoCore\Debug\libArduinoCore.a(HardwareSerial0.o)
                              Sketch.o (Serial)
D:\Documents\David\ITB-new\7\EL4121 Perancangan Sistem Embedded\Code\Tugas_3\Soal_1\ArduinoCore\Debug\libArduinoCore.a(main.o)
                              C:/Program Files (x86)/Atmel/Studio/7.0/Packs/atmel/ATmega_DFP/1.3.300/gcc/dev/atmega328p/avr5/crtatmega328p.o (main)
D:\Documents\David\ITB-new\7\EL4121 Perancangan Sistem Embedded\Code\Tugas_3\Soal_1\ArduinoCore\Debug\libArduinoCore.a(Print.o)
                              D:\Documents\David\ITB-new\7\EL4121 Perancangan Sistem Embedded\Code\Tugas_3\Soal_1\ArduinoCore\Debug\libArduinoCore.a(HardwareSerial.o) (_ZN5Print5writeEPKhj)
D:\Documents\David\ITB-new\7\EL4121 Perancangan Sistem Embedded\Code\Tugas_3\Soal_1\ArduinoCore\Debug\libArduinoCore.a(wiring.o)
                              Sketch.o (delay)
D:\Documents\David\ITB-new\7\EL4121 Perancangan Sistem Embedded\Code\Tugas_3\Soal_1\ArduinoCore\Debug\libArduinoCore.a(wiring_digital.o)
                              Sketch.o (pinMode)
D:\Documents\David\ITB-new\7\EL4121 Perancangan Sistem Embedded\Code\Tugas_3\Soal_1\ArduinoCore\Debug\libArduinoCore.a(tasks.o)
                              Sketch.o (xTaskCreate)
D:\Documents\David\ITB-new\7\EL4121 Perancangan Sistem Embedded\Code\Tugas_3\Soal_1\ArduinoCore\Debug\libArduinoCore.a(timers.o)
                              D:\Documents\David\ITB-new\7\EL4121 Perancangan Sistem Embedded\Code\Tugas_3\Soal_1\ArduinoCore\Debug\libArduinoCore.a(tasks.o) (xTimerCreateTimerTask)
D:\Documents\David\ITB-new\7\EL4121 Perancangan Sistem Embedded\Code\Tugas_3\Soal_1\ArduinoCore\Debug\libArduinoCore.a(variantHooks.o)
                              D:\Documents\David\ITB-new\7\EL4121 Perancangan Sistem Embedded\Code\Tugas_3\Soal_1\ArduinoCore\Debug\libArduinoCore.a(tasks.o) (vApplicationIdleHook)
D:\Documents\David\ITB-new\7\EL4121 Perancangan Sistem Embedded\Code\Tugas_3\Soal_1\ArduinoCore\Debug\libArduinoCore.a(abi.o)
                              D:\Documents\David\ITB-new\7\EL4121 Perancangan Sistem Embedded\Code\Tugas_3\Soal_1\ArduinoCore\Debug\libArduinoCore.a(Print.o) (__cxa_pure_virtual)
D:\Documents\David\ITB-new\7\EL4121 Perancangan Sistem Embedded\Code\Tugas_3\Soal_1\ArduinoCore\Debug\libArduinoCore.a(hooks.o)
                              D:\Documents\David\ITB-new\7\EL4121 Perancangan Sistem Embedded\Code\Tugas_3\Soal_1\ArduinoCore\Debug\libArduinoCore.a(wiring.o) (yield)
D:\Documents\David\ITB-new\7\EL4121 Perancangan Sistem Embedded\Code\Tugas_3\Soal_1\ArduinoCore\Debug\libArduinoCore.a(heap_3.o)
                              D:\Documents\David\ITB-new\7\EL4121 Perancangan Sistem Embedded\Code\Tugas_3\Soal_1\ArduinoCore\Debug\libArduinoCore.a(tasks.o) (pvPortMalloc)
D:\Documents\David\ITB-new\7\EL4121 Perancangan Sistem Embedded\Code\Tugas_3\Soal_1\ArduinoCore\Debug\libArduinoCore.a(list.o)
                              D:\Documents\David\ITB-new\7\EL4121 Perancangan Sistem Embedded\Code\Tugas_3\Soal_1\ArduinoCore\Debug\libArduinoCore.a(tasks.o) (vListInitialise)
D:\Documents\David\ITB-new\7\EL4121 Perancangan Sistem Embedded\Code\Tugas_3\Soal_1\ArduinoCore\Debug\libArduinoCore.a(port.o)
                              D:\Documents\David\ITB-new\7\EL4121 Perancangan Sistem Embedded\Code\Tugas_3\Soal_1\ArduinoCore\Debug\libArduinoCore.a(tasks.o) (pxPortInitialiseStack)
D:\Documents\David\ITB-new\7\EL4121 Perancangan Sistem Embedded\Code\Tugas_3\Soal_1\ArduinoCore\Debug\libArduinoCore.a(queue.o)
                              D:\Documents\David\ITB-new\7\EL4121 Perancangan Sistem Embedded\Code\Tugas_3\Soal_1\ArduinoCore\Debug\libArduinoCore.a(timers.o) (xQueueGenericCreate)
c:/program files (x86)/atmel/studio/7.0/toolchain/avr8/avr8-gnu-toolchain/bin/../lib/gcc/avr/5.4.0/../../../../avr/lib/avr5\libm.a(addsf3.o)
                              D:\Documents\David\ITB-new\7\EL4121 Perancangan Sistem Embedded\Code\Tugas_3\Soal_1\ArduinoCore\Debug\libArduinoCore.a(Print.o) (__subsf3)
c:/program files (x86)/atmel/studio/7.0/toolchain/avr8/avr8-gnu-toolchain/bin/../lib/gcc/avr/5.4.0/../../../../avr/lib/avr5\libm.a(addsf3x.o)
                              c:/program files (x86)/atmel/studio/7.0/toolchain/avr8/avr8-gnu-toolchain/bin/../lib/gcc/avr/5.4.0/../../../../avr/lib/avr5\libm.a(addsf3.o) (__addsf3x)
c:/program files (x86)/atmel/studio/7.0/toolchain/avr8/avr8-gnu-toolchain/bin/../lib/gcc/avr/5.4.0/../../../../avr/lib/avr5\libm.a(cmpsf2.o)
                              D:\Documents\David\ITB-new\7\EL4121 Perancangan Sistem Embedded\Code\Tugas_3\Soal_1\ArduinoCore\Debug\libArduinoCore.a(Print.o) (__ltsf2)
[...]
Memory Configuration

Name             Origin             Length             Attributes
text             0x00000000         0x00020000         xr
data             0x00800060         0x0000ffa0         rw !x
eeprom           0x00810000         0x00010000         rw !x
fuse             0x00820000         0x00000003         rw !x
lock             0x00830000         0x00000400         rw !x
signature        0x00840000         0x00000400         rw !x
user_signatures  0x00850000         0x00000400         rw !x
*default*        0x00000000         0xffffffff

Linker script and memory map

Address of section .data set to 0x800100
LOAD C:/Program Files (x86)/Atmel/Studio/7.0/Packs/atmel/ATmega_DFP/1.3.300/gcc/dev/atmega328p/avr5/crtatmega328p.o
LOAD Sketch.o
START GROUP
LOAD c:/program files (x86)/atmel/studio/7.0/toolchain/avr8/avr8-gnu-toolchain/bin/../lib/gcc/avr/5.4.0/../../../../avr/lib/avr5\libm.a
LOAD D:\Documents\David\ITB-new\7\EL4121 Perancangan Sistem Embedded\Code\Tugas_3\Soal_1\ArduinoCore\Debug\libArduinoCore.a
END GROUP
LOAD c:/program files (x86)/atmel/studio/7.0/toolchain/avr8/avr8-gnu-toolchain/bin/../lib/gcc/avr/5.4.0/avr5\libgcc.a
LOAD c:/program files (x86)/atmel/studio/7.0/toolchain/avr8/avr8-gnu-toolchain/bin/../lib/gcc/avr/5.4.0/../../../../avr/lib/avr5\libm.a
START GROUP
LOAD c:/program files (x86)/atmel/studio/7.0/toolchain/avr8/avr8-gnu-toolchain/bin/../lib/gcc/avr/5.4.0/avr5\libgcc.a
LOAD c:/program files (x86)/atmel/studio/7.0/toolchain/avr8/avr8-gnu-toolchain/bin/../lib/gcc/avr/5.4.0/../../../../avr/lib/avr5\libm.a
LOAD c:/program files (x86)/atmel/studio/7.0/toolchain/avr8/avr8-gnu-toolchain/bin/../lib/gcc/avr/5.4.0/../../../../avr/lib/avr5\libc.a
LOAD C:/Program Files (x86)/Atmel/Studio/7.0/Packs/atmel/ATmega_DFP/1.3.300/gcc/dev/atmega328p/avr5\libatmega328p.a
END GROUP
                0x00000000                __TEXT_REGION_ORIGIN__ = DEFINED (__TEXT_REGION_ORIGIN__)?__TEXT_REGION_ORIGIN__:0x0
                0x00800060                __DATA_REGION_ORIGIN__ = DEFINED (__DATA_REGION_ORIGIN__)?__DATA_REGION_ORIGIN__:0x800060
                0x00020000                __TEXT_REGION_LENGTH__ = DEFINED (__TEXT_REGION_LENGTH__)?__TEXT_REGION_LENGTH__:0x20000
                0x0000ffa0                __DATA_REGION_LENGTH__ = DEFINED (__DATA_REGION_LENGTH__)?__DATA_REGION_LENGTH__:0xffa0
                0x00010000                __EEPROM_REGION_LENGTH__ = DEFINED (__EEPROM_REGION_LENGTH__)?__EEPROM_REGION_LENGTH__:0x10000
                [0x00000003]                __FUSE_REGION_LENGTH__ = DEFINED (__FUSE_REGION_LENGTH__)?__FUSE_REGION_LENGTH__:0x400
                0x00000400                __LOCK_REGION_LENGTH__ = DEFINED (__LOCK_REGION_LENGTH__)?__LOCK_REGION_LENGTH__:0x400
                0x00000400                __SIGNATURE_REGION_LENGTH__ = DEFINED (__SIGNATURE_REGION_LENGTH__)?__SIGNATURE_REGION_LENGTH__:0x400
                0x00000400                __USER_SIGNATURE_REGION_LENGTH__ = DEFINED (__USER_SIGNATURE_REGION_LENGTH__)?__USER_SIGNATURE_REGION_LENGTH__:0x400

.hash
 *(.hash)

.dynsym
 *(.dynsym)

.dynstr
 *(.dynstr)

.gnu.version
 *(.gnu.version)

.gnu.version_d
 *(.gnu.version_d)

.gnu.version_r
 *(.gnu.version_r)

.rel.init
 *(.rel.init)

.rela.init
 *(.rela.init)

.rel.text
 *(.rel.text)
 *(.rel.text.*)
 *(.rel.gnu.linkonce.t*)

.rela.text
 *(.rela.text)
 *(.rela.text.*)
 *(.rela.gnu.linkonce.t*)

.rel.fini
 *(.rel.fini)

.rela.fini
 *(.rela.fini)

.rel.rodata
 *(.rel.rodata)
 *(.rel.rodata.*)
 *(.rel.gnu.linkonce.r*)

.rela.rodata
 *(.rela.rodata)
 *(.rela.rodata.*)
 *(.rela.gnu.linkonce.r*)

.rel.data
 *(.rel.data)
 *(.rel.data.*)
 *(.rel.gnu.linkonce.d*)

.rela.data
 *(.rela.data)
 *(.rela.data.*)
 *(.rela.gnu.linkonce.d*)

.rel.ctors
 *(.rel.ctors)

.rela.ctors
 *(.rela.ctors)

.rel.dtors
 *(.rel.dtors)

.rela.dtors
 *(.rela.dtors)

.rel.got
 *(.rel.got)

.rela.got
 *(.rela.got)

.rel.bss
 *(.rel.bss)

.rela.bss
 *(.rela.bss)

.rel.plt
 *(.rel.plt)

.rela.plt
 *(.rela.plt)

.text           0x00000000     0x251c
 *(.vectors)
 .vectors       0x00000000       0x68 C:/Program Files (x86)/Atmel/Studio/7.0/Packs/atmel/ATmega_DFP/1.3.300/gcc/dev/atmega328p/avr5/crtatmega328p.o
                0x00000000                __vector_default
                0x00000000                __vectors
 *(.vectors)
 *(.progmem.gcc*)
 .progmem.gcc_sw_table.prvTimerTask
                0x00000068       0x14 D:\Documents\David\ITB-new\7\EL4121 Perancangan Sistem Embedded\Code\Tugas_3\Soal_1\ArduinoCore\Debug\libArduinoCore.a(timers.o)
                0x0000007c                . = ALIGN (0x2)
                0x0000007c                __trampolines_start = .
 *(.trampolines)
 .trampolines   0x0000007c        0x0 linker stubs
 *(.trampolines*)
                0x0000007c                __trampolines_end = .
 *libprintf_flt.a:*(.progmem.data)
 *libc.a:*(.progmem.data)
 *(.progmem*)
 .progmem.data.digital_pin_to_timer_PGM
                0x0000007c       0x14 D:\Documents\David\ITB-new\7\EL4121 Perancangan Sistem Embedded\Code\Tugas_3\Soal_1\ArduinoCore\Debug\libArduinoCore.a(wiring_digital.o)
                0x0000007c                digital_pin_to_timer_PGM
 .progmem.data.digital_pin_to_bit_mask_PGM
                0x00000090       0x14 D:\Documents\David\ITB-new\7\EL4121 Perancangan Sistem Embedded\Code\Tugas_3\Soal_1\ArduinoCore\Debug\libArduinoCore.a(wiring_digital.o)
                0x00000090                digital_pin_to_bit_mask_PGM
 .progmem.data.digital_pin_to_port_PGM
                0x000000a4       0x14 D:\Documents\David\ITB-new\7\EL4121 Perancangan Sistem Embedded\Code\Tugas_3\Soal_1\ArduinoCore\Debug\libArduinoCore.a(wiring_digital.o)
                0x000000a4                digital_pin_to_port_PGM
 .progmem.data.port_to_output_PGM
                0x000000b8        0xa D:\Documents\David\ITB-new\7\EL4121 Perancangan Sistem Embedded\Code\Tugas_3\Soal_1\ArduinoCore\Debug\libArduinoCore.a(wiring_digital.o)
                0x000000b8                port_to_output_PGM
 .progmem.data.port_to_mode_PGM
                0x000000c2        0xa D:\Documents\David\ITB-new\7\EL4121 Perancangan Sistem Embedded\Code\Tugas_3\Soal_1\ArduinoCore\Debug\libArduinoCore.a(wiring_digital.o)
                0x000000c2                port_to_mode_PGM
                0x000000cc                . = ALIGN (0x2)
 *(.jumptables)
 *(.jumptables*)
 *(.lowtext)
 *(.lowtext*)
                0x000000cc                __ctors_start = .
 *(.ctors)
 .ctors         0x000000cc        0x2 D:\Documents\David\ITB-new\7\EL4121 Perancangan Sistem Embedded\Code\Tugas_3\Soal_1\ArduinoCore\Debug\libArduinoCore.a(HardwareSerial0.o)
                0x000000ce                __ctors_end = .
                0x000000ce                __dtors_start = .
 *(.dtors)
                0x000000ce                __dtors_end = .
 SORT(*)(.ctors)
 SORT(*)(.dtors)
 *(.init0)
 .init0         0x000000ce        0x0 C:/Program Files (x86)/Atmel/Studio/7.0/Packs/atmel/ATmega_DFP/1.3.300/gcc/dev/atmega328p/avr5/crtatmega328p.o
                0x000000ce                __init
 *(.init0)
 *(.init1)
 *(.init1)
 *(.init2)
 .init2         0x000000ce        0xc C:/Program Files (x86)/Atmel/Studio/7.0/Packs/atmel/ATmega_DFP/1.3.300/gcc/dev/atmega328p/avr5/crtatmega328p.o
 *(.init2)
 *(.init3)
 *(.init3)
 *(.init4)
 .init4         0x000000da       0x16 c:/program files (x86)/atmel/studio/7.0/toolchain/avr8/avr8-gnu-toolchain/bin/../lib/gcc/avr/5.4.0/avr5\libgcc.a(_copy_data.o)
                0x000000da                __do_copy_data
 .init4         0x000000f0       0x10 c:/program files (x86)/atmel/studio/7.0/toolchain/avr8/avr8-gnu-toolchain/bin/../lib/gcc/avr/5.4.0/avr5\libgcc.a(_clear_bss.o)
                0x000000f0                __do_clear_bss
 *(.init4)
 *(.init5)
 *(.init5)
 *(.init6)
 .init6         0x00000100       0x16 c:/program files (x86)/atmel/studio/7.0/toolchain/avr8/avr8-gnu-toolchain/bin/../lib/gcc/avr/5.4.0/avr5\libgcc.a(_ctors.o)
                0x00000100                __do_global_ctors
 *(.init6)
 *(.init7)
 *(.init7)
 *(.init8)
 *(.init8)
 *(.init9)
 .init9         0x00000116        0x8 C:/Program Files (x86)/Atmel/Studio/7.0/Packs/atmel/ATmega_DFP/1.3.300/gcc/dev/atmega328p/avr5/crtatmega328p.o
 *(.init9)
 *(.text)
 .text          0x0000011e        0x4 C:/Program Files (x86)/Atmel/Studio/7.0/Packs/atmel/ATmega_DFP/1.3.300/gcc/dev/atmega328p/avr5/crtatmega328p.o
                0x0000011e                __vector_22
                0x0000011e                __vector_1
                0x0000011e                __vector_24
                0x0000011e                __vector_12
                0x0000011e                __bad_interrupt
                0x0000011e                __vector_3
                0x0000011e                __vector_23
                0x0000011e                __vector_25
                0x0000011e                __vector_11
                0x0000011e                __vector_13
                0x0000011e                __vector_17
                0x0000011e                __vector_7
                0x0000011e                __vector_5
                0x0000011e                __vector_4
                0x0000011e                __vector_9
                0x0000011e                __vector_2
                0x0000011e                __vector_21
                0x0000011e                __vector_15
                0x0000011e                __vector_8
                0x0000011e                __vector_14
                0x0000011e                __vector_10
                0x0000011e                __vector_20
                0x00000122                . = ALIGN (0x2)
 *(.text.*)
 .text._ZN14HardwareSerial5beginEm
                0x00000122       0x46 Sketch.o
                0x00000122                _ZN14HardwareSerial5beginEm
 .text.setup    0x00000168       0xb2 Sketch.o
                0x00000168                setup
 .text.loop     0x0000021a       0x4e Sketch.o
                0x0000021a                loop
 .text._ZL13TaskBlinkLED1Pv
                0x00000268       0x58 Sketch.o
 .text._ZL13TaskBlinkLED2Pv
                0x000002c0       0x58 Sketch.o
 .text._ZL13TaskBlinkLED3Pv
                0x00000318       0x58 Sketch.o
 .text._ZN14HardwareSerial9availableEv
                0x00000370       0x18 D:\Documents\David\ITB-new\7\EL4121 Perancangan Sistem Embedded\Code\Tugas_3\Soal_1\ArduinoCore\Debug\libArduinoCore.a(HardwareSerial.o)
                0x00000370                _ZN14HardwareSerial9availableEv
 .text._ZN14HardwareSerial4peekEv
                0x00000388       0x1c D:\Documents\David\ITB-new\7\EL4121 Perancangan Sistem Embedded\Code\Tugas_3\Soal_1\ArduinoCore\Debug\libArduinoCore.a(HardwareSerial.o)
                0x00000388                _ZN14HardwareSerial4peekEv
 .text._ZN14HardwareSerial4readEv
                0x000003a4       0x28 D:\Documents\David\ITB-new\7\EL4121 Perancangan Sistem Embedded\Code\Tugas_3\Soal_1\ArduinoCore\Debug\libArduinoCore.a(HardwareSerial.o)
                0x000003a4                _ZN14HardwareSerial4readEv
 .text._ZN14HardwareSerial17availableForWriteEv
                0x000003cc       0x1e D:\Documents\David\ITB-new\7\EL4121 Perancangan Sistem Embedded\Code\Tugas_3\Soal_1\ArduinoCore\Debug\libArduinoCore.a(HardwareSerial.o)
                0x000003cc                _ZN14HardwareSerial17availableForWriteEv
 .text._Z14serialEventRunv
                0x000003ea       0x1c D:\Documents\David\ITB-new\7\EL4121 Perancangan Sistem Embedded\Code\Tugas_3\Soal_1\ArduinoCore\Debug\libArduinoCore.a(HardwareSerial.o)
                0x000003ea                _Z14serialEventRunv
 .text._ZN14HardwareSerial17_tx_udr_empty_irqEv
                0x00000406       0x44 D:\Documents\David\ITB-new\7\EL4121 Perancangan Sistem Embedded\Code\Tugas_3\Soal_1\ArduinoCore\Debug\libArduinoCore.a(HardwareSerial.o)
                0x00000406                _ZN14HardwareSerial17_tx_udr_empty_irqEv
 .text._ZN14HardwareSerial5writeEh
                0x0000044a       0x9a D:\Documents\David\ITB-new\7\EL4121 Perancangan Sistem Embedded\Code\Tugas_3\Soal_1\ArduinoCore\Debug\libArduinoCore.a(HardwareSerial.o)
                0x0000044a                _ZN14HardwareSerial5writeEh
 .text._ZN14HardwareSerial5flushEv
                0x000004e4       0x44 D:\Documents\David\ITB-new\7\EL4121 Perancangan Sistem Embedded\Code\Tugas_3\Soal_1\ArduinoCore\Debug\libArduinoCore.a(HardwareSerial.o)
                0x000004e4                _ZN14HardwareSerial5flushEv
 .text._ZN14HardwareSerial5beginEmh
                0x00000528       0xca D:\Documents\David\ITB-new\7\EL4121 Perancangan Sistem Embedded\Code\Tugas_3\Soal_1\ArduinoCore\Debug\libArduinoCore.a(HardwareSerial.o)
                0x00000528                _ZN14HardwareSerial5beginEmh
 .text.__vector_18
                0x000005f2       0x64 D:\Documents\David\ITB-new\7\EL4121 Perancangan Sistem Embedded\Code\Tugas_3\Soal_1\ArduinoCore\Debug\libArduinoCore.a(HardwareSerial0.o)
                0x000005f2                __vector_18
 .text.__vector_19
                0x00000656       0x4c D:\Documents\David\ITB-new\7\EL4121 Perancangan Sistem Embedded\Code\Tugas_3\Soal_1\ArduinoCore\Debug\libArduinoCore.a(HardwareSerial0.o)
                0x00000656                __vector_19
 .text._Z17Serial0_availablev
                0x000006a2       0x14 D:\Documents\David\ITB-new\7\EL4121 Perancangan Sistem Embedded\Code\Tugas_3\Soal_1\ArduinoCore\Debug\libArduinoCore.a(HardwareSerial0.o)
                0x000006a2                _Z17Serial0_availablev
 .text.startup._GLOBAL__sub_I___vector_18
                0x000006b6       0x5a D:\Documents\David\ITB-new\7\EL4121 Perancangan Sistem Embedded\Code\Tugas_3\Soal_1\ArduinoCore\Debug\libArduinoCore.a(HardwareSerial0.o)
 .text.startup.main
                0x00000710       0x1e D:\Documents\David\ITB-new\7\EL4121 Perancangan Sistem Embedded\Code\Tugas_3\Soal_1\ArduinoCore\Debug\libArduinoCore.a(main.o)
                0x00000710                main
 .text._ZN5Print5writeEPKhj
                0x0000072e       0x54 D:\Documents\David\ITB-new\7\EL4121 Perancangan Sistem Embedded\Code\Tugas_3\Soal_1\ArduinoCore\Debug\libArduinoCore.a(Print.o)
                0x0000072e                _ZN5Print5writeEPKhj
 .text._ZN5Print5writeEPKc
                0x00000782       0x2a D:\Documents\David\ITB-new\7\EL4121 Perancangan Sistem Embedded\Code\Tugas_3\Soal_1\ArduinoCore\Debug\libArduinoCore.a(Print.o)
                0x00000782                _ZN5Print5writeEPKc
 .text._ZN5Print5printEc
                0x000007ac        0xe D:\Documents\David\ITB-new\7\EL4121 Perancangan Sistem Embedded\Code\Tugas_3\Soal_1\ArduinoCore\Debug\libArduinoCore.a(Print.o)
                0x000007ac                _ZN5Print5printEc
 .text._ZN5Print7printlnEv
                0x000007ba        0x8 D:\Documents\David\ITB-new\7\EL4121 Perancangan Sistem Embedded\Code\Tugas_3\Soal_1\ArduinoCore\Debug\libArduinoCore.a(Print.o)
                0x000007ba                _ZN5Print7printlnEv
 .text._ZN5Print11printNumberEmh
                0x000007c2       0x92 D:\Documents\David\ITB-new\7\EL4121 Perancangan Sistem Embedded\Code\Tugas_3\Soal_1\ArduinoCore\Debug\libArduinoCore.a(Print.o)
                0x000007c2                _ZN5Print11printNumberEmh
 .text._ZN5Print5printEli
                0x00000854       0x90 D:\Documents\David\ITB-new\7\EL4121 Perancangan Sistem Embedded\Code\Tugas_3\Soal_1\ArduinoCore\Debug\libArduinoCore.a(Print.o)
                0x00000854                _ZN5Print5printEli
 .text._ZN5Print5printEii
                0x000008e4        0xe D:\Documents\David\ITB-new\7\EL4121 Perancangan Sistem Embedded\Code\Tugas_3\Soal_1\ArduinoCore\Debug\libArduinoCore.a(Print.o)
                0x000008e4                _ZN5Print5printEii
 .text._ZN5Print7printlnEii
                0x000008f2       0x24 D:\Documents\David\ITB-new\7\EL4121 Perancangan Sistem Embedded\Code\Tugas_3\Soal_1\ArduinoCore\Debug\libArduinoCore.a(Print.o)
                0x000008f2                _ZN5Print7printlnEii
 .text.__vector_16
                0x00000916       0x94 D:\Documents\David\ITB-new\7\EL4121 Perancangan Sistem Embedded\Code\Tugas_3\Soal_1\ArduinoCore\Debug\libArduinoCore.a(wiring.o)
                0x00000916                __vector_16
 .text.micros   0x000009aa       0x4a D:\Documents\David\ITB-new\7\EL4121 Perancangan Sistem Embedded\Code\Tugas_3\Soal_1\ArduinoCore\Debug\libArduinoCore.a(wiring.o)
                0x000009aa                micros
 .text.delay    0x000009f4       0x78 D:\Documents\David\ITB-new\7\EL4121 Perancangan Sistem Embedded\Code\Tugas_3\Soal_1\ArduinoCore\Debug\libArduinoCore.a(wiring.o)
                0x000009f4                delay
 .text.init     0x00000a6c       0x76 D:\Documents\David\ITB-new\7\EL4121 Perancangan Sistem Embedded\Code\Tugas_3\Soal_1\ArduinoCore\Debug\libArduinoCore.a(wiring.o)
                0x00000a6c                init
 .text.turnOffPWM
                0x00000ae2       0x52 D:\Documents\David\ITB-new\7\EL4121 Perancangan Sistem Embedded\Code\Tugas_3\Soal_1\ArduinoCore\Debug\libArduinoCore.a(wiring_digital.o)
 .text.pinMode  0x00000b34       0x78 D:\Documents\David\ITB-new\7\EL4121 Perancangan Sistem Embedded\Code\Tugas_3\Soal_1\ArduinoCore\Debug\libArduinoCore.a(wiring_digital.o)
                0x00000b34                pinMode
 .text.digitalWrite
                0x00000bac       0x5e D:\Documents\David\ITB-new\7\EL4121 Perancangan Sistem Embedded\Code\Tugas_3\Soal_1\ArduinoCore\Debug\libArduinoCore.a(wiring_digital.o)
                0x00000bac                digitalWrite
 .text.prvResetNextTaskUnblockTime
                0x00000c0a       0x36 D:\Documents\David\ITB-new\7\EL4121 Perancangan Sistem Embedded\Code\Tugas_3\Soal_1\ArduinoCore\Debug\libArduinoCore.a(tasks.o)
 .text.hot.prvAddCurrentTaskToDelayedList
                0x00000c40       0xb8 D:\Documents\David\ITB-new\7\EL4121 Perancangan Sistem Embedded\Code\Tugas_3\Soal_1\ArduinoCore\Debug\libArduinoCore.a(tasks.o)
 .text.prvIdleTask
                0x00000cf8       0x5c D:\Documents\David\ITB-new\7\EL4121 Perancangan Sistem Embedded\Code\Tugas_3\Soal_1\ArduinoCore\Debug\libArduinoCore.a(tasks.o)
 .text.hot.xTaskCreate
                0x00000d54      0x218 D:\Documents\David\ITB-new\7\EL4121 Perancangan Sistem Embedded\Code\Tugas_3\Soal_1\ArduinoCore\Debug\libArduinoCore.a(tasks.o)
                0x00000d54                xTaskCreate
 .text.hot.vTaskStartScheduler
                0x00000f6c       0x5c D:\Documents\David\ITB-new\7\EL4121 Perancangan Sistem Embedded\Code\Tugas_3\Soal_1\ArduinoCore\Debug\libArduinoCore.a(tasks.o)
                0x00000f6c                vTaskStartScheduler
 .text.hot.vTaskSuspendAll
                0x00000fc8        0xc D:\Documents\David\ITB-new\7\EL4121 Perancangan Sistem Embedded\Code\Tugas_3\Soal_1\ArduinoCore\Debug\libArduinoCore.a(tasks.o)
                0x00000fc8                vTaskSuspendAll
 .text.hot.xTaskGetTickCount
                0x00000fd4       0x14 D:\Documents\David\ITB-new\7\EL4121 Perancangan Sistem Embedded\Code\Tugas_3\Soal_1\ArduinoCore\Debug\libArduinoCore.a(tasks.o)
                0x00000fd4                xTaskGetTickCount
 .text.hot.xTaskIncrementTick
                0x00000fe8      0x162 D:\Documents\David\ITB-new\7\EL4121 Perancangan Sistem Embedded\Code\Tugas_3\Soal_1\ArduinoCore\Debug\libArduinoCore.a(tasks.o)
                0x00000fe8                xTaskIncrementTick
 .text.hot.xTaskResumeAll
                0x0000114a       0xe6 D:\Documents\David\ITB-new\7\EL4121 Perancangan Sistem Embedded\Code\Tugas_3\Soal_1\ArduinoCore\Debug\libArduinoCore.a(tasks.o)
                0x0000114a                xTaskResumeAll
 .text.hot.vTaskDelayUntil
                0x00001230       0x70 D:\Documents\David\ITB-new\7\EL4121 Perancangan Sistem Embedded\Code\Tugas_3\Soal_1\ArduinoCore\Debug\libArduinoCore.a(tasks.o)
                0x00001230                vTaskDelayUntil
 .text.hot.vTaskSwitchContext
                0x000012a0       0xbc D:\Documents\David\ITB-new\7\EL4121 Perancangan Sistem Embedded\Code\Tugas_3\Soal_1\ArduinoCore\Debug\libArduinoCore.a(tasks.o)
                0x000012a0                vTaskSwitchContext
 .text.hot.vTaskPlaceOnEventList
                0x0000135c       0x22 D:\Documents\David\ITB-new\7\EL4121 Perancangan Sistem Embedded\Code\Tugas_3\Soal_1\ArduinoCore\Debug\libArduinoCore.a(tasks.o)
                0x0000135c                vTaskPlaceOnEventList
 .text.hot.vTaskPlaceOnEventListRestricted
                0x0000137e       0x30 D:\Documents\David\ITB-new\7\EL4121 Perancangan Sistem Embedded\Code\Tugas_3\Soal_1\ArduinoCore\Debug\libArduinoCore.a(tasks.o)
                0x0000137e                vTaskPlaceOnEventListRestricted
 .text.hot.xTaskRemoveFromEventList
                0x000013ae       0x80 D:\Documents\David\ITB-new\7\EL4121 Perancangan Sistem Embedded\Code\Tugas_3\Soal_1\ArduinoCore\Debug\libArduinoCore.a(tasks.o)
                0x000013ae                xTaskRemoveFromEventList
 .text.hot.vTaskInternalSetTimeOutState
                0x0000142e       0x16 D:\Documents\David\ITB-new\7\EL4121 Perancangan Sistem Embedded\Code\Tugas_3\Soal_1\ArduinoCore\Debug\libArduinoCore.a(tasks.o)
                0x0000142e                vTaskInternalSetTimeOutState
 .text.hot.xTaskCheckForTimeOut
                0x00001444       0x66 D:\Documents\David\ITB-new\7\EL4121 Perancangan Sistem Embedded\Code\Tugas_3\Soal_1\ArduinoCore\Debug\libArduinoCore.a(tasks.o)
                0x00001444                xTaskCheckForTimeOut
 .text.hot.vTaskMissedYield
                0x000014aa        0x8 D:\Documents\David\ITB-new\7\EL4121 Perancangan Sistem Embedded\Code\Tugas_3\Soal_1\ArduinoCore\Debug\libArduinoCore.a(tasks.o)
                0x000014aa                vTaskMissedYield
 .text.hot.uxTaskGetStackHighWaterMark
                0x000014b2       0x2c D:\Documents\David\ITB-new\7\EL4121 Perancangan Sistem Embedded\Code\Tugas_3\Soal_1\ArduinoCore\Debug\libArduinoCore.a(tasks.o)
                0x000014b2                uxTaskGetStackHighWaterMark
 .text.hot.xTaskGetSchedulerState
                0x000014de       0x1c D:\Documents\David\ITB-new\7\EL4121 Perancangan Sistem Embedded\Code\Tugas_3\Soal_1\ArduinoCore\Debug\libArduinoCore.a(tasks.o)
                0x000014de                xTaskGetSchedulerState
 .text.hot.xTaskPriorityDisinherit
                0x000014fa       0x74 D:\Documents\David\ITB-new\7\EL4121 Perancangan Sistem Embedded\Code\Tugas_3\Soal_1\ArduinoCore\Debug\libArduinoCore.a(tasks.o)
                0x000014fa                xTaskPriorityDisinherit
 .text.hot.prvCheckForValidListAndQueue
                0x0000156e       0x52 D:\Documents\David\ITB-new\7\EL4121 Perancangan Sistem Embedded\Code\Tugas_3\Soal_1\ArduinoCore\Debug\libArduinoCore.a(timers.o)
 .text.hot.prvInsertTimerInActiveList
                0x000015c0       0x54 D:\Documents\David\ITB-new\7\EL4121 Perancangan Sistem Embedded\Code\Tugas_3\Soal_1\ArduinoCore\Debug\libArduinoCore.a(timers.o)
 .text.hot.xTimerCreateTimerTask
                0x00001614       0x40 D:\Documents\David\ITB-new\7\EL4121 Perancangan Sistem Embedded\Code\Tugas_3\Soal_1\ArduinoCore\Debug\libArduinoCore.a(timers.o)
                0x00001614                xTimerCreateTimerTask
 .text.hot.xTimerGenericCommand
                0x00001654       0x7e D:\Documents\David\ITB-new\7\EL4121 Perancangan Sistem Embedded\Code\Tugas_3\Soal_1\ArduinoCore\Debug\libArduinoCore.a(timers.o)
                0x00001654                xTimerGenericCommand
 .text.hot.prvSwitchTimerLists
                0x000016d2       0xa2 D:\Documents\David\ITB-new\7\EL4121 Perancangan Sistem Embedded\Code\Tugas_3\Soal_1\ArduinoCore\Debug\libArduinoCore.a(timers.o)
 .text.hot.prvTimerTask
                0x00001774      0x206 D:\Documents\David\ITB-new\7\EL4121 Perancangan Sistem Embedded\Code\Tugas_3\Soal_1\ArduinoCore\Debug\libArduinoCore.a(timers.o)
 .text.initVariant
                0x0000197a       0x22 D:\Documents\David\ITB-new\7\EL4121 Perancangan Sistem Embedded\Code\Tugas_3\Soal_1\ArduinoCore\Debug\libArduinoCore.a(variantHooks.o)
                0x0000197a                initVariant
 .text.vApplicationIdleHook
                0x0000199c       0x12 D:\Documents\David\ITB-new\7\EL4121 Perancangan Sistem Embedded\Code\Tugas_3\Soal_1\ArduinoCore\Debug\libArduinoCore.a(variantHooks.o)
                0x0000199c                vApplicationIdleHook
 .text.vApplicationMallocFailedHook
                0x000019ae       0x1a D:\Documents\David\ITB-new\7\EL4121 Perancangan Sistem Embedded\Code\Tugas_3\Soal_1\ArduinoCore\Debug\libArduinoCore.a(variantHooks.o)
                0x000019ae                vApplicationMallocFailedHook
 .text.vApplicationStackOverflowHook
                0x000019c8       0x1a D:\Documents\David\ITB-new\7\EL4121 Perancangan Sistem Embedded\Code\Tugas_3\Soal_1\ArduinoCore\Debug\libArduinoCore.a(variantHooks.o)
                0x000019c8                vApplicationStackOverflowHook
 .text.__empty  0x000019e2        0x2 D:\Documents\David\ITB-new\7\EL4121 Perancangan Sistem Embedded\Code\Tugas_3\Soal_1\ArduinoCore\Debug\libArduinoCore.a(hooks.o)
                0x000019e2                yield
 .text.hot.pvPortMalloc
                0x000019e4       0x26 D:\Documents\David\ITB-new\7\EL4121 Perancangan Sistem Embedded\Code\Tugas_3\Soal_1\ArduinoCore\Debug\libArduinoCore.a(heap_3.o)
                0x000019e4                pvPortMalloc
 .text.hot.vPortFree
                0x00001a0a       0x22 D:\Documents\David\ITB-new\7\EL4121 Perancangan Sistem Embedded\Code\Tugas_3\Soal_1\ArduinoCore\Debug\libArduinoCore.a(heap_3.o)
                0x00001a0a                vPortFree
 .text.hot.vListInitialise
                0x00001a2c       0x1c D:\Documents\David\ITB-new\7\EL4121 Perancangan Sistem Embedded\Code\Tugas_3\Soal_1\ArduinoCore\Debug\libArduinoCore.a(list.o)
                0x00001a2c                vListInitialise
 .text.hot.vListInitialiseItem
                0x00001a48        0x8 D:\Documents\David\ITB-new\7\EL4121 Perancangan Sistem Embedded\Code\Tugas_3\Soal_1\ArduinoCore\Debug\libArduinoCore.a(list.o)
                0x00001a48                vListInitialiseItem
 .text.hot.vListInsertEnd
                0x00001a50       0x42 D:\Documents\David\ITB-new\7\EL4121 Perancangan Sistem Embedded\Code\Tugas_3\Soal_1\ArduinoCore\Debug\libArduinoCore.a(list.o)
                0x00001a50                vListInsertEnd
 .text.hot.vListInsert
                0x00001a92       0x70 D:\Documents\David\ITB-new\7\EL4121 Perancangan Sistem Embedded\Code\Tugas_3\Soal_1\ArduinoCore\Debug\libArduinoCore.a(list.o)
                0x00001a92                vListInsert
 .text.hot.uxListRemove
                0x00001b02       0x48 D:\Documents\David\ITB-new\7\EL4121 Perancangan Sistem Embedded\Code\Tugas_3\Soal_1\ArduinoCore\Debug\libArduinoCore.a(list.o)
                0x00001b02                uxListRemove
 .text.hot.pxPortInitialiseStack
                0x00001b4a       0x22 D:\Documents\David\ITB-new\7\EL4121 Perancangan Sistem Embedded\Code\Tugas_3\Soal_1\ArduinoCore\Debug\libArduinoCore.a(port.o)
                0x00001b4a                pxPortInitialiseStack
 .text.hot.xPortStartScheduler
                0x00001b6c       0x70 D:\Documents\David\ITB-new\7\EL4121 Perancangan Sistem Embedded\Code\Tugas_3\Soal_1\ArduinoCore\Debug\libArduinoCore.a(port.o)
                0x00001b6c                xPortStartScheduler
 .text.hot.vPortYield
                0x00001bdc       0xb2 D:\Documents\David\ITB-new\7\EL4121 Perancangan Sistem Embedded\Code\Tugas_3\Soal_1\ArduinoCore\Debug\libArduinoCore.a(port.o)
                0x00001bdc                vPortYield
 .text.hot.vPortYieldFromTick
                0x00001c8e       0xba D:\Documents\David\ITB-new\7\EL4121 Perancangan Sistem Embedded\Code\Tugas_3\Soal_1\ArduinoCore\Debug\libArduinoCore.a(port.o)
                0x00001c8e                vPortYieldFromTick
 .text.hot.__vector_6
                0x00001d48        0x6 D:\Documents\David\ITB-new\7\EL4121 Perancangan Sistem Embedded\Code\Tugas_3\Soal_1\ArduinoCore\Debug\libArduinoCore.a(port.o)
                0x00001d48                __vector_6
 .text.hot.prvIsQueueEmpty
                0x00001d4e       0x16 D:\Documents\David\ITB-new\7\EL4121 Perancangan Sistem Embedded\Code\Tugas_3\Soal_1\ArduinoCore\Debug\libArduinoCore.a(queue.o)
 .text.hot.prvCopyDataToQueue
                0x00001d64       0xa6 D:\Documents\David\ITB-new\7\EL4121 Perancangan Sistem Embedded\Code\Tugas_3\Soal_1\ArduinoCore\Debug\libArduinoCore.a(queue.o)
 .text.hot.prvCopyDataFromQueue
                0x00001e0a       0x34 D:\Documents\David\ITB-new\7\EL4121 Perancangan Sistem Embedded\Code\Tugas_3\Soal_1\ArduinoCore\Debug\libArduinoCore.a(queue.o)
 .text.hot.prvUnlockQueue
                0x00001e3e       0x7c D:\Documents\David\ITB-new\7\EL4121 Perancangan Sistem Embedded\Code\Tugas_3\Soal_1\ArduinoCore\Debug\libArduinoCore.a(queue.o)
 .text.hot.xQueueGenericReset
                0x00001eba       0x7e D:\Documents\David\ITB-new\7\EL4121 Perancangan Sistem Embedded\Code\Tugas_3\Soal_1\ArduinoCore\Debug\libArduinoCore.a(queue.o)
                0x00001eba                xQueueGenericReset
 .text.hot.xQueueGenericCreate
                0x00001f38       0x46 D:\Documents\David\ITB-new\7\EL4121 Perancangan Sistem Embedded\Code\Tugas_3\Soal_1\ArduinoCore\Debug\libArduinoCore.a(queue.o)
                0x00001f38                xQueueGenericCreate
 .text.hot.xQueueGenericSend
                0x00001f7e      0x12c D:\Documents\David\ITB-new\7\EL4121 Perancangan Sistem Embedded\Code\Tugas_3\Soal_1\ArduinoCore\Debug\libArduinoCore.a(queue.o)
                0x00001f7e                xQueueGenericSend
 .text.hot.xQueueGenericSendFromISR
                0x000020aa       0x60 D:\Documents\David\ITB-new\7\EL4121 Perancangan Sistem Embedded\Code\Tugas_3\Soal_1\ArduinoCore\Debug\libArduinoCore.a(queue.o)
                0x000020aa                xQueueGenericSendFromISR
 .text.hot.xQueueReceive
                0x0000210a      0x124 D:\Documents\David\ITB-new\7\EL4121 Perancangan Sistem Embedded\Code\Tugas_3\Soal_1\ArduinoCore\Debug\libArduinoCore.a(queue.o)
                0x0000210a                xQueueReceive
 .text.hot.vQueueWaitForMessageRestricted
                0x0000222e       0x38 D:\Documents\David\ITB-new\7\EL4121 Perancangan Sistem Embedded\Code\Tugas_3\Soal_1\ArduinoCore\Debug\libArduinoCore.a(queue.o)
                0x0000222e                vQueueWaitForMessageRestricted
 .text.libgcc.div
                0x00002266       0x44 c:/program files (x86)/atmel/studio/7.0/toolchain/avr8/avr8-gnu-toolchain/bin/../lib/gcc/avr/5.4.0/avr5\libgcc.a(_udivmodsi4.o)
                0x00002266                __udivmodsi4
 .text.libgcc   0x000022aa        0xc c:/program files (x86)/atmel/studio/7.0/toolchain/avr8/avr8-gnu-toolchain/bin/../lib/gcc/avr/5.4.0/avr5\libgcc.a(_tablejump2.o)
                0x000022aa                __tablejump2__
 .text.avr-libc
                0x000022b6      0x242 c:/program files (x86)/atmel/studio/7.0/toolchain/avr8/avr8-gnu-toolchain/bin/../lib/gcc/avr/5.4.0/../../../../avr/lib/avr5\libc.a(malloc.o)
                0x000022b6                malloc
                0x000023e6                free
 .text.avr-libc
                0x000024f8       0x12 c:/program files (x86)/atmel/studio/7.0/toolchain/avr8/avr8-gnu-toolchain/bin/../lib/gcc/avr/5.4.0/../../../../avr/lib/avr5\libc.a(memcpy.o)
                0x000024f8                memcpy
 .text.avr-libc
                0x0000250a        0xe c:/program files (x86)/atmel/studio/7.0/toolchain/avr8/avr8-gnu-toolchain/bin/../lib/gcc/avr/5.4.0/../../../../avr/lib/avr5\libc.a(memset.o)
                0x0000250a                memset
                0x00002518                . = ALIGN (0x2)
 *(.fini9)
 .fini9         0x00002518        0x0 c:/program files (x86)/atmel/studio/7.0/toolchain/avr8/avr8-gnu-toolchain/bin/../lib/gcc/avr/5.4.0/avr5\libgcc.a(_exit.o)
                0x00002518                _exit
                0x00002518                exit
 *(.fini9)
 *(.fini8)
 *(.fini8)
 *(.fini7)
 *(.fini7)
 *(.fini6)
 *(.fini6)
 *(.fini5)
 *(.fini5)
 *(.fini4)
 *(.fini4)
 *(.fini3)
 *(.fini3)
 *(.fini2)
 *(.fini2)
 *(.fini1)
 *(.fini1)
 *(.fini0)
 .fini0         0x00002518        0x4 c:/program files (x86)/atmel/studio/7.0/toolchain/avr8/avr8-gnu-toolchain/bin/../lib/gcc/avr/5.4.0/avr5\libgcc.a(_exit.o)
 *(.fini0)
                0x0000251c                _etext = .

.data           0x00800100       0x5e load address 0x0000251c
                0x00800100                PROVIDE (__data_start, .)
 *(.data)
 .data          0x00800100        0x6 c:/program files (x86)/atmel/studio/7.0/toolchain/avr8/avr8-gnu-toolchain/bin/../lib/gcc/avr/5.4.0/../../../../avr/lib/avr5\libc.a(malloc.o)
                0x00800100                __malloc_heap_end
                0x00800102                __malloc_heap_start
                0x00800104                __malloc_margin
 *(.data*)
 *(.gnu.linkonce.d*)
 *(.rodata)
 .rodata        0x00800106       0x2a Sketch.o
 *(.rodata*)
 .rodata._ZTV14HardwareSerial
                0x00800130       0x12 D:\Documents\David\ITB-new\7\EL4121 Perancangan Sistem Embedded\Code\Tugas_3\Soal_1\ArduinoCore\Debug\libArduinoCore.a(HardwareSerial.o)
                0x00800130                _ZTV14HardwareSerial
 .rodata.str1.1
                0x00800142        0xf D:\Documents\David\ITB-new\7\EL4121 Perancangan Sistem Embedded\Code\Tugas_3\Soal_1\ArduinoCore\Debug\libArduinoCore.a(Print.o)
 .rodata.str1.1
                0x00800151        0x5 D:\Documents\David\ITB-new\7\EL4121 Perancangan Sistem Embedded\Code\Tugas_3\Soal_1\ArduinoCore\Debug\libArduinoCore.a(tasks.o)
 .rodata.str1.1
                0x00800156        0x8 D:\Documents\David\ITB-new\7\EL4121 Perancangan Sistem Embedded\Code\Tugas_3\Soal_1\ArduinoCore\Debug\libArduinoCore.a(timers.o)
 *(.gnu.linkonce.r*)
                0x0080015e                . = ALIGN (0x2)
                0x0080015e                _edata = .
                0x0080015e                PROVIDE (__data_end, .)

.bss            0x0080015e      0x135
                0x0080015e                PROVIDE (__bss_start, .)
 *(.bss)
 *(.bss*)
 .bss.xHandle1  0x0080015e        0x2 Sketch.o
                0x0080015e                xHandle1
 .bss.xHandle2  0x00800160        0x2 Sketch.o
                0x00800160                xHandle2
 .bss.xHandle3  0x00800162        0x2 Sketch.o
                0x00800162                xHandle3
 .bss._ZZ4loopE7counter
                0x00800164        0x2 Sketch.o
 .bss.Serial    0x00800166       0x9d D:\Documents\David\ITB-new\7\EL4121 Perancangan Sistem Embedded\Code\Tugas_3\Soal_1\ArduinoCore\Debug\libArduinoCore.a(HardwareSerial0.o)
                0x00800166                Serial
 .bss.timer0_fract
                0x00800203        0x1 D:\Documents\David\ITB-new\7\EL4121 Perancangan Sistem Embedded\Code\Tugas_3\Soal_1\ArduinoCore\Debug\libArduinoCore.a(wiring.o)
 .bss.timer0_millis
                0x00800204        0x4 D:\Documents\David\ITB-new\7\EL4121 Perancangan Sistem Embedded\Code\Tugas_3\Soal_1\ArduinoCore\Debug\libArduinoCore.a(wiring.o)
                0x00800204                timer0_millis
 .bss.timer0_overflow_count
                0x00800208        0x4 D:\Documents\David\ITB-new\7\EL4121 Perancangan Sistem Embedded\Code\Tugas_3\Soal_1\ArduinoCore\Debug\libArduinoCore.a(wiring.o)
                0x00800208                timer0_overflow_count
 .bss.uxSchedulerSuspended
                0x0080020c        0x1 D:\Documents\David\ITB-new\7\EL4121 Perancangan Sistem Embedded\Code\Tugas_3\Soal_1\ArduinoCore\Debug\libArduinoCore.a(tasks.o)
 .bss.xIdleTaskHandle
                0x0080020d        0x2 D:\Documents\David\ITB-new\7\EL4121 Perancangan Sistem Embedded\Code\Tugas_3\Soal_1\ArduinoCore\Debug\libArduinoCore.a(tasks.o)
 .bss.xNextTaskUnblockTime
                0x0080020f        0x2 D:\Documents\David\ITB-new\7\EL4121 Perancangan Sistem Embedded\Code\Tugas_3\Soal_1\ArduinoCore\Debug\libArduinoCore.a(tasks.o)
 .bss.uxTaskNumber
                0x00800211        0x1 D:\Documents\David\ITB-new\7\EL4121 Perancangan Sistem Embedded\Code\Tugas_3\Soal_1\ArduinoCore\Debug\libArduinoCore.a(tasks.o)
 .bss.xNumOfOverflows
                0x00800212        0x1 D:\Documents\David\ITB-new\7\EL4121 Perancangan Sistem Embedded\Code\Tugas_3\Soal_1\ArduinoCore\Debug\libArduinoCore.a(tasks.o)
 .bss.xYieldPending
                0x00800213        0x1 D:\Documents\David\ITB-new\7\EL4121 Perancangan Sistem Embedded\Code\Tugas_3\Soal_1\ArduinoCore\Debug\libArduinoCore.a(tasks.o)
 .bss.xPendedTicks
                0x00800214        0x2 D:\Documents\David\ITB-new\7\EL4121 Perancangan Sistem Embedded\Code\Tugas_3\Soal_1\ArduinoCore\Debug\libArduinoCore.a(tasks.o)
 .bss.xSchedulerRunning
                0x00800216        0x1 D:\Documents\David\ITB-new\7\EL4121 Perancangan Sistem Embedded\Code\Tugas_3\Soal_1\ArduinoCore\Debug\libArduinoCore.a(tasks.o)
 .bss.uxTopReadyPriority
                0x00800217        0x1 D:\Documents\David\ITB-new\7\EL4121 Perancangan Sistem Embedded\Code\Tugas_3\Soal_1\ArduinoCore\Debug\libArduinoCore.a(tasks.o)
 .bss.xTickCount
                0x00800218        0x2 D:\Documents\David\ITB-new\7\EL4121 Perancangan Sistem Embedded\Code\Tugas_3\Soal_1\ArduinoCore\Debug\libArduinoCore.a(tasks.o)
 .bss.uxCurrentNumberOfTasks
                0x0080021a        0x1 D:\Documents\David\ITB-new\7\EL4121 Perancangan Sistem Embedded\Code\Tugas_3\Soal_1\ArduinoCore\Debug\libArduinoCore.a(tasks.o)
 .bss.xSuspendedTaskList
                0x0080021b        0x9 D:\Documents\David\ITB-new\7\EL4121 Perancangan Sistem Embedded\Code\Tugas_3\Soal_1\ArduinoCore\Debug\libArduinoCore.a(tasks.o)
 .bss.uxDeletedTasksWaitingCleanUp
                0x00800224        0x1 D:\Documents\David\ITB-new\7\EL4121 Perancangan Sistem Embedded\Code\Tugas_3\Soal_1\ArduinoCore\Debug\libArduinoCore.a(tasks.o)
 .bss.xTasksWaitingTermination
                0x00800225        0x9 D:\Documents\David\ITB-new\7\EL4121 Perancangan Sistem Embedded\Code\Tugas_3\Soal_1\ArduinoCore\Debug\libArduinoCore.a(tasks.o)
 .bss.xPendingReadyList
                0x0080022e        0x9 D:\Documents\David\ITB-new\7\EL4121 Perancangan Sistem Embedded\Code\Tugas_3\Soal_1\ArduinoCore\Debug\libArduinoCore.a(tasks.o)
 .bss.pxOverflowDelayedTaskList
                0x00800237        0x2 D:\Documents\David\ITB-new\7\EL4121 Perancangan Sistem Embedded\Code\Tugas_3\Soal_1\ArduinoCore\Debug\libArduinoCore.a(tasks.o)
 .bss.pxDelayedTaskList
                0x00800239        0x2 D:\Documents\David\ITB-new\7\EL4121 Perancangan Sistem Embedded\Code\Tugas_3\Soal_1\ArduinoCore\Debug\libArduinoCore.a(tasks.o)
 .bss.xDelayedTaskList2
                0x0080023b        0x9 D:\Documents\David\ITB-new\7\EL4121 Perancangan Sistem Embedded\Code\Tugas_3\Soal_1\ArduinoCore\Debug\libArduinoCore.a(tasks.o)
 .bss.xDelayedTaskList1
                0x00800244        0x9 D:\Documents\David\ITB-new\7\EL4121 Perancangan Sistem Embedded\Code\Tugas_3\Soal_1\ArduinoCore\Debug\libArduinoCore.a(tasks.o)
 .bss.pxReadyTasksLists
                0x0080024d       0x24 D:\Documents\David\ITB-new\7\EL4121 Perancangan Sistem Embedded\Code\Tugas_3\Soal_1\ArduinoCore\Debug\libArduinoCore.a(tasks.o)
 .bss.pxCurrentTCB
                0x00800271        0x2 D:\Documents\David\ITB-new\7\EL4121 Perancangan Sistem Embedded\Code\Tugas_3\Soal_1\ArduinoCore\Debug\libArduinoCore.a(tasks.o)
                0x00800271                pxCurrentTCB
 .bss.xLastTime.2437
                0x00800273        0x2 D:\Documents\David\ITB-new\7\EL4121 Perancangan Sistem Embedded\Code\Tugas_3\Soal_1\ArduinoCore\Debug\libArduinoCore.a(timers.o)
 .bss.xTimerTaskHandle
                0x00800275        0x2 D:\Documents\David\ITB-new\7\EL4121 Perancangan Sistem Embedded\Code\Tugas_3\Soal_1\ArduinoCore\Debug\libArduinoCore.a(timers.o)
 .bss.xTimerQueue
                0x00800277        0x2 D:\Documents\David\ITB-new\7\EL4121 Perancangan Sistem Embedded\Code\Tugas_3\Soal_1\ArduinoCore\Debug\libArduinoCore.a(timers.o)
 .bss.pxOverflowTimerList
                0x00800279        0x2 D:\Documents\David\ITB-new\7\EL4121 Perancangan Sistem Embedded\Code\Tugas_3\Soal_1\ArduinoCore\Debug\libArduinoCore.a(timers.o)
 .bss.pxCurrentTimerList
                0x0080027b        0x2 D:\Documents\David\ITB-new\7\EL4121 Perancangan Sistem Embedded\Code\Tugas_3\Soal_1\ArduinoCore\Debug\libArduinoCore.a(timers.o)
 .bss.xActiveTimerList2
                0x0080027d        0x9 D:\Documents\David\ITB-new\7\EL4121 Perancangan Sistem Embedded\Code\Tugas_3\Soal_1\ArduinoCore\Debug\libArduinoCore.a(timers.o)
 .bss.xActiveTimerList1
                0x00800286        0x9 D:\Documents\David\ITB-new\7\EL4121 Perancangan Sistem Embedded\Code\Tugas_3\Soal_1\ArduinoCore\Debug\libArduinoCore.a(timers.o)
 *(COMMON)
 COMMON         0x0080028f        0x4 c:/program files (x86)/atmel/studio/7.0/toolchain/avr8/avr8-gnu-toolchain/bin/../lib/gcc/avr/5.4.0/../../../../avr/lib/avr5\libc.a(malloc.o)
                0x0080028f                __brkval
                0x00800291                __flp
                0x00800293                PROVIDE (__bss_end, .)
                0x0000251c                __data_load_start = LOADADDR (.data)
                0x0000257a                __data_load_end = (__data_load_start + SIZEOF (.data))

.noinit         0x00800293        0x0
                [!provide]                PROVIDE (__noinit_start, .)
 *(.noinit*)
                [!provide]                PROVIDE (__noinit_end, .)
                0x00800293                _end = .
                0x00800293                PROVIDE (__heap_start, .)

.eeprom         0x00810000        0x0
 *(.eeprom*)
                0x00810000                __eeprom_end = .

.fuse
 *(.fuse)
 *(.lfuse)
 *(.hfuse)
 *(.efuse)

.lock
 *(.lock*)

.signature
 *(.signature*)

.user_signatures
 *(.user_signatures*)

.stab
 *(.stab)

.stabstr
 *(.stabstr)

.stab.excl
 *(.stab.excl)

.stab.exclstr
 *(.stab.exclstr)

.stab.index
 *(.stab.index)

.stab.indexstr
 *(.stab.indexstr)

.comment        0x00000000       0x30
 *(.comment)
 .comment       0x00000000       0x30 Sketch.o
                                 0x31 (size before relaxing)
 .comment       0x00000030       0x31 D:\Documents\David\ITB-new\7\EL4121 Perancangan Sistem Embedded\Code\Tugas_3\Soal_1\ArduinoCore\Debug\libArduinoCore.a(HardwareSerial.o)
 .comment       0x00000030       0x31 D:\Documents\David\ITB-new\7\EL4121 Perancangan Sistem Embedded\Code\Tugas_3\Soal_1\ArduinoCore\Debug\libArduinoCore.a(HardwareSerial0.o)
 .comment       0x00000030       0x31 D:\Documents\David\ITB-new\7\EL4121 Perancangan Sistem Embedded\Code\Tugas_3\Soal_1\ArduinoCore\Debug\libArduinoCore.a(main.o)
 .comment       0x00000030       0x31 D:\Documents\David\ITB-new\7\EL4121 Perancangan Sistem Embedded\Code\Tugas_3\Soal_1\ArduinoCore\Debug\libArduinoCore.a(Print.o)
 .comment       0x00000030       0x31 D:\Documents\David\ITB-new\7\EL4121 Perancangan Sistem Embedded\Code\Tugas_3\Soal_1\ArduinoCore\Debug\libArduinoCore.a(wiring.o)
 .comment       0x00000030       0x31 D:\Documents\David\ITB-new\7\EL4121 Perancangan Sistem Embedded\Code\Tugas_3\Soal_1\ArduinoCore\Debug\libArduinoCore.a(wiring_digital.o)
 .comment       0x00000030       0x31 D:\Documents\David\ITB-new\7\EL4121 Perancangan Sistem Embedded\Code\Tugas_3\Soal_1\ArduinoCore\Debug\libArduinoCore.a(tasks.o)
 .comment       0x00000030       0x31 D:\Documents\David\ITB-new\7\EL4121 Perancangan Sistem Embedded\Code\Tugas_3\Soal_1\ArduinoCore\Debug\libArduinoCore.a(timers.o)
 .comment       0x00000030       0x31 D:\Documents\David\ITB-new\7\EL4121 Perancangan Sistem Embedded\Code\Tugas_3\Soal_1\ArduinoCore\Debug\libArduinoCore.a(variantHooks.o)
 .comment       0x00000030       0x31 D:\Documents\David\ITB-new\7\EL4121 Perancangan Sistem Embedded\Code\Tugas_3\Soal_1\ArduinoCore\Debug\libArduinoCore.a(hooks.o)
 .comment       0x00000030       0x31 D:\Documents\David\ITB-new\7\EL4121 Perancangan Sistem Embedded\Code\Tugas_3\Soal_1\ArduinoCore\Debug\libArduinoCore.a(heap_3.o)
 .comment       0x00000030       0x31 D:\Documents\David\ITB-new\7\EL4121 Perancangan Sistem Embedded\Code\Tugas_3\Soal_1\ArduinoCore\Debug\libArduinoCore.a(list.o)
 .comment       0x00000030       0x31 D:\Documents\David\ITB-new\7\EL4121 Perancangan Sistem Embedded\Code\Tugas_3\Soal_1\ArduinoCore\Debug\libArduinoCore.a(port.o)
 .comment       0x00000030       0x31 D:\Documents\David\ITB-new\7\EL4121 Perancangan Sistem Embedded\Code\Tugas_3\Soal_1\ArduinoCore\Debug\libArduinoCore.a(queue.o)
 .comment       0x00000030       0x31 c:/program files (x86)/atmel/studio/7.0/toolchain/avr8/avr8-gnu-toolchain/bin/../lib/gcc/avr/5.4.0/../../../../avr/lib/avr5\libc.a(malloc.o)

.note.gnu.avr.deviceinfo
                0x00000000       0x40
 .note.gnu.avr.deviceinfo
                0x00000000       0x40 C:/Program Files (x86)/Atmel/Studio/7.0/Packs/atmel/ATmega_DFP/1.3.300/gcc/dev/atmega328p/avr5/crtatmega328p.o

.note.gnu.build-id
 *(.note.gnu.build-id)

.debug
 *(.debug)

.line
 *(.line)

.debug_srcinfo
 *(.debug_srcinfo)

.debug_sfnames
 *(.debug_sfnames)

.debug_aranges  0x00000000      0x6c8
 *(.debug_aranges)
 .debug_aranges
                0x00000000       0x48 Sketch.o
 .debug_aranges
                0x00000048       0x68 D:\Documents\David\ITB-new\7\EL4121 Perancangan Sistem Embedded\Code\Tugas_3\Soal_1\ArduinoCore\Debug\libArduinoCore.a(HardwareSerial.o)
 .debug_aranges
                0x000000b0       0x48 D:\Documents\David\ITB-new\7\EL4121 Perancangan Sistem Embedded\Code\Tugas_3\Soal_1\ArduinoCore\Debug\libArduinoCore.a(HardwareSerial0.o)
 .debug_aranges
                0x000000f8       0x30 D:\Documents\David\ITB-new\7\EL4121 Perancangan Sistem Embedded\Code\Tugas_3\Soal_1\ArduinoCore\Debug\libArduinoCore.a(main.o)
 .debug_aranges
                0x00000128      0x100 D:\Documents\David\ITB-new\7\EL4121 Perancangan Sistem Embedded\Code\Tugas_3\Soal_1\ArduinoCore\Debug\libArduinoCore.a(Print.o)
 .debug_aranges
                0x00000228       0x48 D:\Documents\David\ITB-new\7\EL4121 Perancangan Sistem Embedded\Code\Tugas_3\Soal_1\ArduinoCore\Debug\libArduinoCore.a(wiring.o)
 .debug_aranges
                0x00000270       0x38 D:\Documents\David\ITB-new\7\EL4121 Perancangan Sistem Embedded\Code\Tugas_3\Soal_1\ArduinoCore\Debug\libArduinoCore.a(wiring_digital.o)
 .debug_aranges
                0x000002a8      0x198 D:\Documents\David\ITB-new\7\EL4121 Perancangan Sistem Embedded\Code\Tugas_3\Soal_1\ArduinoCore\Debug\libArduinoCore.a(tasks.o)
 .debug_aranges
                0x00000440       0x98 D:\Documents\David\ITB-new\7\EL4121 Perancangan Sistem Embedded\Code\Tugas_3\Soal_1\ArduinoCore\Debug\libArduinoCore.a(timers.o)
 .debug_aranges
                0x000004d8       0x38 D:\Documents\David\ITB-new\7\EL4121 Perancangan Sistem Embedded\Code\Tugas_3\Soal_1\ArduinoCore\Debug\libArduinoCore.a(variantHooks.o)
 .debug_aranges
                0x00000510       0x20 D:\Documents\David\ITB-new\7\EL4121 Perancangan Sistem Embedded\Code\Tugas_3\Soal_1\ArduinoCore\Debug\libArduinoCore.a(hooks.o)
 .debug_aranges
                0x00000530       0x28 D:\Documents\David\ITB-new\7\EL4121 Perancangan Sistem Embedded\Code\Tugas_3\Soal_1\ArduinoCore\Debug\libArduinoCore.a(heap_3.o)
 .debug_aranges
                0x00000558       0x40 D:\Documents\David\ITB-new\7\EL4121 Perancangan Sistem Embedded\Code\Tugas_3\Soal_1\ArduinoCore\Debug\libArduinoCore.a(list.o)
 .debug_aranges
                0x00000598       0x50 D:\Documents\David\ITB-new\7\EL4121 Perancangan Sistem Embedded\Code\Tugas_3\Soal_1\ArduinoCore\Debug\libArduinoCore.a(port.o)
 .debug_aranges
                0x000005e8       0xe0 D:\Documents\David\ITB-new\7\EL4121 Perancangan Sistem Embedded\Code\Tugas_3\Soal_1\ArduinoCore\Debug\libArduinoCore.a(queue.o)

.debug_pubnames
 *(.debug_pubnames)

.debug_info     0x00000000     0xce5f
 *(.debug_info .gnu.linkonce.wi.*)
 .debug_info    0x00000000      0x5f4 C:/Program Files (x86)/Atmel/Studio/7.0/Packs/atmel/ATmega_DFP/1.3.300/gcc/dev/atmega328p/avr5/crtatmega328p.o
 .debug_info    0x000005f4      0x3f3 Sketch.o
 .debug_info    0x000009e7     0x1f64 D:\Documents\David\ITB-new\7\EL4121 Perancangan Sistem Embedded\Code\Tugas_3\Soal_1\ArduinoCore\Debug\libArduinoCore.a(HardwareSerial.o)
 .debug_info    0x0000294b     0x1b16 D:\Documents\David\ITB-new\7\EL4121 Perancangan Sistem Embedded\Code\Tugas_3\Soal_1\ArduinoCore\Debug\libArduinoCore.a(HardwareSerial0.o)
 .debug_info    0x00004461      0x237 D:\Documents\David\ITB-new\7\EL4121 Perancangan Sistem Embedded\Code\Tugas_3\Soal_1\ArduinoCore\Debug\libArduinoCore.a(main.o)
 .debug_info    0x00004698     0x28ff D:\Documents\David\ITB-new\7\EL4121 Perancangan Sistem Embedded\Code\Tugas_3\Soal_1\ArduinoCore\Debug\libArduinoCore.a(Print.o)
 .debug_info    0x00006f97      0x2cb D:\Documents\David\ITB-new\7\EL4121 Perancangan Sistem Embedded\Code\Tugas_3\Soal_1\ArduinoCore\Debug\libArduinoCore.a(wiring.o)
 .debug_info    0x00007262      0x5fe D:\Documents\David\ITB-new\7\EL4121 Perancangan Sistem Embedded\Code\Tugas_3\Soal_1\ArduinoCore\Debug\libArduinoCore.a(wiring_digital.o)
 .debug_info    0x00007860     0x21f9 D:\Documents\David\ITB-new\7\EL4121 Perancangan Sistem Embedded\Code\Tugas_3\Soal_1\ArduinoCore\Debug\libArduinoCore.a(tasks.o)
 .debug_info    0x00009a59     0x10dc D:\Documents\David\ITB-new\7\EL4121 Perancangan Sistem Embedded\Code\Tugas_3\Soal_1\ArduinoCore\Debug\libArduinoCore.a(timers.o)
 .debug_info    0x0000ab35      0x357 D:\Documents\David\ITB-new\7\EL4121 Perancangan Sistem Embedded\Code\Tugas_3\Soal_1\ArduinoCore\Debug\libArduinoCore.a(variantHooks.o)
 .debug_info    0x0000ae8c       0x3e D:\Documents\David\ITB-new\7\EL4121 Perancangan Sistem Embedded\Code\Tugas_3\Soal_1\ArduinoCore\Debug\libArduinoCore.a(hooks.o)
 .debug_info    0x0000aeca      0x1a7 D:\Documents\David\ITB-new\7\EL4121 Perancangan Sistem Embedded\Code\Tugas_3\Soal_1\ArduinoCore\Debug\libArduinoCore.a(heap_3.o)
 .debug_info    0x0000b071      0x2eb D:\Documents\David\ITB-new\7\EL4121 Perancangan Sistem Embedded\Code\Tugas_3\Soal_1\ArduinoCore\Debug\libArduinoCore.a(list.o)
 .debug_info    0x0000b35c      0x2be D:\Documents\David\ITB-new\7\EL4121 Perancangan Sistem Embedded\Code\Tugas_3\Soal_1\ArduinoCore\Debug\libArduinoCore.a(port.o)
 .debug_info    0x0000b61a     0x1845 D:\Documents\David\ITB-new\7\EL4121 Perancangan Sistem Embedded\Code\Tugas_3\Soal_1\ArduinoCore\Debug\libArduinoCore.a(queue.o)

.debug_abbrev   0x00000000     0x2661
 *(.debug_abbrev)
 .debug_abbrev  0x00000000      0x5a2 C:/Program Files (x86)/Atmel/Studio/7.0/Packs/atmel/ATmega_DFP/1.3.300/gcc/dev/atmega328p/avr5/crtatmega328p.o
 .debug_abbrev  0x000005a2      0x17e Sketch.o
 .debug_abbrev  0x00000720      0x4b7 D:\Documents\David\ITB-new\7\EL4121 Perancangan Sistem Embedded\Code\Tugas_3\Soal_1\ArduinoCore\Debug\libArduinoCore.a(HardwareSerial.o)
 .debug_abbrev  0x00000bd7      0x3ce D:\Documents\David\ITB-new\7\EL4121 Perancangan Sistem Embedded\Code\Tugas_3\Soal_1\ArduinoCore\Debug\libArduinoCore.a(HardwareSerial0.o)
 .debug_abbrev  0x00000fa5      0x12d D:\Documents\David\ITB-new\7\EL4121 Perancangan Sistem Embedded\Code\Tugas_3\Soal_1\ArduinoCore\Debug\libArduinoCore.a(main.o)
 .debug_abbrev  0x000010d2      0x47a D:\Documents\David\ITB-new\7\EL4121 Perancangan Sistem Embedded\Code\Tugas_3\Soal_1\ArduinoCore\Debug\libArduinoCore.a(Print.o)
 .debug_abbrev  0x0000154c      0x146 D:\Documents\David\ITB-new\7\EL4121 Perancangan Sistem Embedded\Code\Tugas_3\Soal_1\ArduinoCore\Debug\libArduinoCore.a(wiring.o)
 .debug_abbrev  0x00001692      0x15b D:\Documents\David\ITB-new\7\EL4121 Perancangan Sistem Embedded\Code\Tugas_3\Soal_1\ArduinoCore\Debug\libArduinoCore.a(wiring_digital.o)
 .debug_abbrev  0x000017ed      0x373 D:\Documents\David\ITB-new\7\EL4121 Perancangan Sistem Embedded\Code\Tugas_3\Soal_1\ArduinoCore\Debug\libArduinoCore.a(tasks.o)
 .debug_abbrev  0x00001b60      0x2f8 D:\Documents\David\ITB-new\7\EL4121 Perancangan Sistem Embedded\Code\Tugas_3\Soal_1\ArduinoCore\Debug\libArduinoCore.a(timers.o)
 .debug_abbrev  0x00001e58      0x19e D:\Documents\David\ITB-new\7\EL4121 Perancangan Sistem Embedded\Code\Tugas_3\Soal_1\ArduinoCore\Debug\libArduinoCore.a(variantHooks.o)
 .debug_abbrev  0x00001ff6       0x2a D:\Documents\David\ITB-new\7\EL4121 Perancangan Sistem Embedded\Code\Tugas_3\Soal_1\ArduinoCore\Debug\libArduinoCore.a(hooks.o)
 .debug_abbrev  0x00002020      0x115 D:\Documents\David\ITB-new\7\EL4121 Perancangan Sistem Embedded\Code\Tugas_3\Soal_1\ArduinoCore\Debug\libArduinoCore.a(heap_3.o)
 .debug_abbrev  0x00002135       0xff D:\Documents\David\ITB-new\7\EL4121 Perancangan Sistem Embedded\Code\Tugas_3\Soal_1\ArduinoCore\Debug\libArduinoCore.a(list.o)
 .debug_abbrev  0x00002234      0x158 D:\Documents\David\ITB-new\7\EL4121 Perancangan Sistem Embedded\Code\Tugas_3\Soal_1\ArduinoCore\Debug\libArduinoCore.a(port.o)
 .debug_abbrev  0x0000238c      0x2d5 D:\Documents\David\ITB-new\7\EL4121 Perancangan Sistem Embedded\Code\Tugas_3\Soal_1\ArduinoCore\Debug\libArduinoCore.a(queue.o)

.debug_line     0x00000000     0x4592
 *(.debug_line .debug_line.* .debug_line_end)
 .debug_line    0x00000000      0x133 C:/Program Files (x86)/Atmel/Studio/7.0/Packs/atmel/ATmega_DFP/1.3.300/gcc/dev/atmega328p/avr5/crtatmega328p.o
 .debug_line    0x00000133      0x376 Sketch.o
 .debug_line    0x000004a9      0x4c4 D:\Documents\David\ITB-new\7\EL4121 Perancangan Sistem Embedded\Code\Tugas_3\Soal_1\ArduinoCore\Debug\libArduinoCore.a(HardwareSerial.o)
 .debug_line    0x0000096d      0x28c D:\Documents\David\ITB-new\7\EL4121 Perancangan Sistem Embedded\Code\Tugas_3\Soal_1\ArduinoCore\Debug\libArduinoCore.a(HardwareSerial0.o)
 .debug_line    0x00000bf9      0x165 D:\Documents\David\ITB-new\7\EL4121 Perancangan Sistem Embedded\Code\Tugas_3\Soal_1\ArduinoCore\Debug\libArduinoCore.a(main.o)
 .debug_line    0x00000d5e      0x685 D:\Documents\David\ITB-new\7\EL4121 Perancangan Sistem Embedded\Code\Tugas_3\Soal_1\ArduinoCore\Debug\libArduinoCore.a(Print.o)
 .debug_line    0x000013e3      0x299 D:\Documents\David\ITB-new\7\EL4121 Perancangan Sistem Embedded\Code\Tugas_3\Soal_1\ArduinoCore\Debug\libArduinoCore.a(wiring.o)
 .debug_line    0x0000167c      0x252 D:\Documents\David\ITB-new\7\EL4121 Perancangan Sistem Embedded\Code\Tugas_3\Soal_1\ArduinoCore\Debug\libArduinoCore.a(wiring_digital.o)
 .debug_line    0x000018ce     0x12b5 D:\Documents\David\ITB-new\7\EL4121 Perancangan Sistem Embedded\Code\Tugas_3\Soal_1\ArduinoCore\Debug\libArduinoCore.a(tasks.o)
 .debug_line    0x00002b83      0x561 D:\Documents\David\ITB-new\7\EL4121 Perancangan Sistem Embedded\Code\Tugas_3\Soal_1\ArduinoCore\Debug\libArduinoCore.a(timers.o)
 .debug_line    0x000030e4      0x2c8 D:\Documents\David\ITB-new\7\EL4121 Perancangan Sistem Embedded\Code\Tugas_3\Soal_1\ArduinoCore\Debug\libArduinoCore.a(variantHooks.o)
 .debug_line    0x000033ac       0x41 D:\Documents\David\ITB-new\7\EL4121 Perancangan Sistem Embedded\Code\Tugas_3\Soal_1\ArduinoCore\Debug\libArduinoCore.a(hooks.o)
 .debug_line    0x000033ed      0x1a3 D:\Documents\David\ITB-new\7\EL4121 Perancangan Sistem Embedded\Code\Tugas_3\Soal_1\ArduinoCore\Debug\libArduinoCore.a(heap_3.o)
 .debug_line    0x00003590      0x208 D:\Documents\David\ITB-new\7\EL4121 Perancangan Sistem Embedded\Code\Tugas_3\Soal_1\ArduinoCore\Debug\libArduinoCore.a(list.o)
 .debug_line    0x00003798      0x29c D:\Documents\David\ITB-new\7\EL4121 Perancangan Sistem Embedded\Code\Tugas_3\Soal_1\ArduinoCore\Debug\libArduinoCore.a(port.o)
 .debug_line    0x00003a34      0xb5e D:\Documents\David\ITB-new\7\EL4121 Perancangan Sistem Embedded\Code\Tugas_3\Soal_1\ArduinoCore\Debug\libArduinoCore.a(queue.o)

.debug_frame    0x00000000     0x14c0
 *(.debug_frame)
 .debug_frame   0x00000000       0xe0 Sketch.o
 .debug_frame   0x000000e0      0x110 D:\Documents\David\ITB-new\7\EL4121 Perancangan Sistem Embedded\Code\Tugas_3\Soal_1\ArduinoCore\Debug\libArduinoCore.a(HardwareSerial.o)
 .debug_frame   0x000001f0       0xe0 D:\Documents\David\ITB-new\7\EL4121 Perancangan Sistem Embedded\Code\Tugas_3\Soal_1\ArduinoCore\Debug\libArduinoCore.a(HardwareSerial0.o)
 .debug_frame   0x000002d0       0x54 D:\Documents\David\ITB-new\7\EL4121 Perancangan Sistem Embedded\Code\Tugas_3\Soal_1\ArduinoCore\Debug\libArduinoCore.a(main.o)
 .debug_frame   0x00000324      0x3ac D:\Documents\David\ITB-new\7\EL4121 Perancangan Sistem Embedded\Code\Tugas_3\Soal_1\ArduinoCore\Debug\libArduinoCore.a(Print.o)
 .debug_frame   0x000006d0       0xc4 D:\Documents\David\ITB-new\7\EL4121 Perancangan Sistem Embedded\Code\Tugas_3\Soal_1\ArduinoCore\Debug\libArduinoCore.a(wiring.o)
 .debug_frame   0x00000794       0x7c D:\Documents\David\ITB-new\7\EL4121 Perancangan Sistem Embedded\Code\Tugas_3\Soal_1\ArduinoCore\Debug\libArduinoCore.a(wiring_digital.o)
 .debug_frame   0x00000810      0x5c8 D:\Documents\David\ITB-new\7\EL4121 Perancangan Sistem Embedded\Code\Tugas_3\Soal_1\ArduinoCore\Debug\libArduinoCore.a(tasks.o)
 .debug_frame   0x00000dd8      0x1a8 D:\Documents\David\ITB-new\7\EL4121 Perancangan Sistem Embedded\Code\Tugas_3\Soal_1\ArduinoCore\Debug\libArduinoCore.a(timers.o)
 .debug_frame   0x00000f80       0x54 D:\Documents\David\ITB-new\7\EL4121 Perancangan Sistem Embedded\Code\Tugas_3\Soal_1\ArduinoCore\Debug\libArduinoCore.a(variantHooks.o)
 .debug_frame   0x00000fd4       0x24 D:\Documents\David\ITB-new\7\EL4121 Perancangan Sistem Embedded\Code\Tugas_3\Soal_1\ArduinoCore\Debug\libArduinoCore.a(hooks.o)
 .debug_frame   0x00000ff8       0x4c D:\Documents\David\ITB-new\7\EL4121 Perancangan Sistem Embedded\Code\Tugas_3\Soal_1\ArduinoCore\Debug\libArduinoCore.a(heap_3.o)
 .debug_frame   0x00001044       0x90 D:\Documents\David\ITB-new\7\EL4121 Perancangan Sistem Embedded\Code\Tugas_3\Soal_1\ArduinoCore\Debug\libArduinoCore.a(list.o)
 .debug_frame   0x000010d4       0x84 D:\Documents\David\ITB-new\7\EL4121 Perancangan Sistem Embedded\Code\Tugas_3\Soal_1\ArduinoCore\Debug\libArduinoCore.a(port.o)
 .debug_frame   0x00001158      0x368 D:\Documents\David\ITB-new\7\EL4121 Perancangan Sistem Embedded\Code\Tugas_3\Soal_1\ArduinoCore\Debug\libArduinoCore.a(queue.o)

.debug_str      0x00000000     0x38f0
 *(.debug_str)
 .debug_str     0x00000000      0x208 C:/Program Files (x86)/Atmel/Studio/7.0/Packs/atmel/ATmega_DFP/1.3.300/gcc/dev/atmega328p/avr5/crtatmega328p.o
 .debug_str     0x00000208      0x353 Sketch.o
                                0x3ab (size before relaxing)
 .debug_str     0x0000055b     0x145a D:\Documents\David\ITB-new\7\EL4121 Perancangan Sistem Embedded\Code\Tugas_3\Soal_1\ArduinoCore\Debug\libArduinoCore.a(HardwareSerial.o)
                               0x1626 (size before relaxing)
 .debug_str     0x000019b5       0xca D:\Documents\David\ITB-new\7\EL4121 Perancangan Sistem Embedded\Code\Tugas_3\Soal_1\ArduinoCore\Debug\libArduinoCore.a(HardwareSerial0.o)
                               0x1419 (size before relaxing)
 .debug_str     0x00001a7f       0x37 D:\Documents\David\ITB-new\7\EL4121 Perancangan Sistem Embedded\Code\Tugas_3\Soal_1\ArduinoCore\Debug\libArduinoCore.a(main.o)
                                0x2c5 (size before relaxing)
 .debug_str     0x00001ab6      0x3f1 D:\Documents\David\ITB-new\7\EL4121 Perancangan Sistem Embedded\Code\Tugas_3\Soal_1\ArduinoCore\Debug\libArduinoCore.a(Print.o)
                               0x1253 (size before relaxing)
 .debug_str     0x00001ea7      0x162 D:\Documents\David\ITB-new\7\EL4121 Perancangan Sistem Embedded\Code\Tugas_3\Soal_1\ArduinoCore\Debug\libArduinoCore.a(wiring.o)
                                0x25b (size before relaxing)
 .debug_str     0x00002009       0xdc D:\Documents\David\ITB-new\7\EL4121 Perancangan Sistem Embedded\Code\Tugas_3\Soal_1\ArduinoCore\Debug\libArduinoCore.a(wiring_digital.o)
                                0x2c0 (size before relaxing)
 .debug_str     0x000020e5      0xcc9 D:\Documents\David\ITB-new\7\EL4121 Perancangan Sistem Embedded\Code\Tugas_3\Soal_1\ArduinoCore\Debug\libArduinoCore.a(tasks.o)
                                0xf2f (size before relaxing)
 .debug_str     0x00002dae      0x4b3 D:\Documents\David\ITB-new\7\EL4121 Perancangan Sistem Embedded\Code\Tugas_3\Soal_1\ArduinoCore\Debug\libArduinoCore.a(timers.o)
                                0x898 (size before relaxing)
 .debug_str     0x00003261       0xb1 D:\Documents\David\ITB-new\7\EL4121 Perancangan Sistem Embedded\Code\Tugas_3\Soal_1\ArduinoCore\Debug\libArduinoCore.a(variantHooks.o)
                                0x3cb (size before relaxing)
 .debug_str     0x00003312       0x1c D:\Documents\David\ITB-new\7\EL4121 Perancangan Sistem Embedded\Code\Tugas_3\Soal_1\ArduinoCore\Debug\libArduinoCore.a(hooks.o)
                                0x150 (size before relaxing)
 .debug_str     0x0000332e       0x3b D:\Documents\David\ITB-new\7\EL4121 Perancangan Sistem Embedded\Code\Tugas_3\Soal_1\ArduinoCore\Debug\libArduinoCore.a(heap_3.o)
                                0x253 (size before relaxing)
 .debug_str     0x00003369       0x69 D:\Documents\David\ITB-new\7\EL4121 Perancangan Sistem Embedded\Code\Tugas_3\Soal_1\ArduinoCore\Debug\libArduinoCore.a(list.o)
                                0x326 (size before relaxing)
 .debug_str     0x000033d2       0xa9 D:\Documents\David\ITB-new\7\EL4121 Perancangan Sistem Embedded\Code\Tugas_3\Soal_1\ArduinoCore\Debug\libArduinoCore.a(port.o)
                                0x323 (size before relaxing)
 .debug_str     0x0000347b      0x475 D:\Documents\David\ITB-new\7\EL4121 Perancangan Sistem Embedded\Code\Tugas_3\Soal_1\ArduinoCore\Debug\libArduinoCore.a(queue.o)
                                0x9e1 (size before relaxing)

.debug_loc      0x00000000     0x7e10
 *(.debug_loc)
 .debug_loc     0x00000000      0x1bd Sketch.o
 .debug_loc     0x000001bd      0x4dc D:\Documents\David\ITB-new\7\EL4121 Perancangan Sistem Embedded\Code\Tugas_3\Soal_1\ArduinoCore\Debug\libArduinoCore.a(HardwareSerial.o)
 .debug_loc     0x00000699      0x1b0 D:\Documents\David\ITB-new\7\EL4121 Perancangan Sistem Embedded\Code\Tugas_3\Soal_1\ArduinoCore\Debug\libArduinoCore.a(HardwareSerial0.o)
 .debug_loc     0x00000849     0x1c87 D:\Documents\David\ITB-new\7\EL4121 Perancangan Sistem Embedded\Code\Tugas_3\Soal_1\ArduinoCore\Debug\libArduinoCore.a(Print.o)
 .debug_loc     0x000024d0      0x28d D:\Documents\David\ITB-new\7\EL4121 Perancangan Sistem Embedded\Code\Tugas_3\Soal_1\ArduinoCore\Debug\libArduinoCore.a(wiring.o)
 .debug_loc     0x0000275d      0x5fc D:\Documents\David\ITB-new\7\EL4121 Perancangan Sistem Embedded\Code\Tugas_3\Soal_1\ArduinoCore\Debug\libArduinoCore.a(wiring_digital.o)
 .debug_loc     0x00002d59     0x25fd D:\Documents\David\ITB-new\7\EL4121 Perancangan Sistem Embedded\Code\Tugas_3\Soal_1\ArduinoCore\Debug\libArduinoCore.a(tasks.o)
 .debug_loc     0x00005356      0xb04 D:\Documents\David\ITB-new\7\EL4121 Perancangan Sistem Embedded\Code\Tugas_3\Soal_1\ArduinoCore\Debug\libArduinoCore.a(timers.o)
 .debug_loc     0x00005e5a       0xb6 D:\Documents\David\ITB-new\7\EL4121 Perancangan Sistem Embedded\Code\Tugas_3\Soal_1\ArduinoCore\Debug\libArduinoCore.a(variantHooks.o)
 .debug_loc     0x00005f10      0x112 D:\Documents\David\ITB-new\7\EL4121 Perancangan Sistem Embedded\Code\Tugas_3\Soal_1\ArduinoCore\Debug\libArduinoCore.a(heap_3.o)
 .debug_loc     0x00006022      0x1d7 D:\Documents\David\ITB-new\7\EL4121 Perancangan Sistem Embedded\Code\Tugas_3\Soal_1\ArduinoCore\Debug\libArduinoCore.a(list.o)
 .debug_loc     0x000061f9       0xcf D:\Documents\David\ITB-new\7\EL4121 Perancangan Sistem Embedded\Code\Tugas_3\Soal_1\ArduinoCore\Debug\libArduinoCore.a(port.o)
 .debug_loc     0x000062c8     0x1b48 D:\Documents\David\ITB-new\7\EL4121 Perancangan Sistem Embedded\Code\Tugas_3\Soal_1\ArduinoCore\Debug\libArduinoCore.a(queue.o)

.debug_macinfo
 *(.debug_macinfo)

.debug_weaknames
 *(.debug_weaknames)

.debug_funcnames
 *(.debug_funcnames)

.debug_typenames
 *(.debug_typenames)

.debug_varnames
 *(.debug_varnames)

.debug_pubtypes
 *(.debug_pubtypes)

.debug_ranges   0x00000000      0x668
 *(.debug_ranges)
 .debug_ranges  0x00000000       0x38 Sketch.o
 .debug_ranges  0x00000038       0x58 D:\Documents\David\ITB-new\7\EL4121 Perancangan Sistem Embedded\Code\Tugas_3\Soal_1\ArduinoCore\Debug\libArduinoCore.a(HardwareSerial.o)
 .debug_ranges  0x00000090       0x38 D:\Documents\David\ITB-new\7\EL4121 Perancangan Sistem Embedded\Code\Tugas_3\Soal_1\ArduinoCore\Debug\libArduinoCore.a(HardwareSerial0.o)
 .debug_ranges  0x000000c8       0x20 D:\Documents\David\ITB-new\7\EL4121 Perancangan Sistem Embedded\Code\Tugas_3\Soal_1\ArduinoCore\Debug\libArduinoCore.a(main.o)
 .debug_ranges  0x000000e8      0x120 D:\Documents\David\ITB-new\7\EL4121 Perancangan Sistem Embedded\Code\Tugas_3\Soal_1\ArduinoCore\Debug\libArduinoCore.a(Print.o)
 .debug_ranges  0x00000208       0x38 D:\Documents\David\ITB-new\7\EL4121 Perancangan Sistem Embedded\Code\Tugas_3\Soal_1\ArduinoCore\Debug\libArduinoCore.a(wiring.o)
 .debug_ranges  0x00000240       0x28 D:\Documents\David\ITB-new\7\EL4121 Perancangan Sistem Embedded\Code\Tugas_3\Soal_1\ArduinoCore\Debug\libArduinoCore.a(wiring_digital.o)
 .debug_ranges  0x00000268      0x1e8 D:\Documents\David\ITB-new\7\EL4121 Perancangan Sistem Embedded\Code\Tugas_3\Soal_1\ArduinoCore\Debug\libArduinoCore.a(tasks.o)
 .debug_ranges  0x00000450       0x88 D:\Documents\David\ITB-new\7\EL4121 Perancangan Sistem Embedded\Code\Tugas_3\Soal_1\ArduinoCore\Debug\libArduinoCore.a(timers.o)
 .debug_ranges  0x000004d8       0x28 D:\Documents\David\ITB-new\7\EL4121 Perancangan Sistem Embedded\Code\Tugas_3\Soal_1\ArduinoCore\Debug\libArduinoCore.a(variantHooks.o)
 .debug_ranges  0x00000500       0x10 D:\Documents\David\ITB-new\7\EL4121 Perancangan Sistem Embedded\Code\Tugas_3\Soal_1\ArduinoCore\Debug\libArduinoCore.a(hooks.o)
 .debug_ranges  0x00000510       0x18 D:\Documents\David\ITB-new\7\EL4121 Perancangan Sistem Embedded\Code\Tugas_3\Soal_1\ArduinoCore\Debug\libArduinoCore.a(heap_3.o)
 .debug_ranges  0x00000528       0x30 D:\Documents\David\ITB-new\7\EL4121 Perancangan Sistem Embedded\Code\Tugas_3\Soal_1\ArduinoCore\Debug\libArduinoCore.a(list.o)
 .debug_ranges  0x00000558       0x40 D:\Documents\David\ITB-new\7\EL4121 Perancangan Sistem Embedded\Code\Tugas_3\Soal_1\ArduinoCore\Debug\libArduinoCore.a(port.o)
 .debug_ranges  0x00000598       0xd0 D:\Documents\David\ITB-new\7\EL4121 Perancangan Sistem Embedded\Code\Tugas_3\Soal_1\ArduinoCore\Debug\libArduinoCore.a(queue.o)

.debug_macro
 *(.debug_macro)
OUTPUT(atmega-blink-freertos.elf elf32-avr)
LOAD linker stubs
